2026-10-08 09:17:30,375 - helpdesk - INFO - baza danych została pomyślnie zainicjalizowana.
2026-10-08 09:17:43,323 - helpdesk - WARNING - nie znaleziono ticketu o ID 0
2026-10-08 09:21:14,796 - helpdesk - INFO - baza danych została pomyślnie zainicjalizowana.
2026-10-08 09:21:29,738 - helpdesk - INFO - dodano nowego użytkownika: Jan Kowalski (ID: 2)
2026-10-08 09:21:41,286 - helpdesk - WARNING - odrzucono próbę dodania istniejącego użytkownika: Jan Kowalski
2026-10-08 09:52:21,477 - helpdesk - INFO - baza danych została pomyślnie zainicjalizowana.
2026-10-08 09:52:21,859 - helpdesk - INFO - baza danych została pomyślnie zainicjalizowana.
2026-10-08 09:52:53,265 - helpdesk - INFO - baza danych została pomyślnie zainicjalizowana.
2026-10-08 09:53:02,477 - helpdesk - INFO - dodano nowego użytkownika: Anna (ID: 3)
2026-10-08 09:53:13,061 - helpdesk - INFO - dodano nowego użytkownika: Adam (ID: 4)
2026-10-08 09:53:37,398 - helpdesk - INFO - baza danych została pomyślnie zainicjalizowana.
2026-10-08 09:53:37,664 - helpdesk - INFO - baza danych została pomyślnie zainicjalizowana.
2026-10-08 09:55:18,153 - helpdesk - INFO - baza danych została pomyślnie zainicjalizowana.
2026-10-08 09:55:31,825 - helpdesk - INFO - utworzono nowy ticket nr 2 dla użytkownika ID 3
2026-10-08 09:55:40,892 - helpdesk - INFO - utworzono nowy ticket nr 3 dla użytkownika ID 4
2026-10-08 09:55:46,982 - helpdesk - INFO - baza danych została pomyślnie zainicjalizowana.
2026-10-08 09:55:47,248 - helpdesk - INFO - baza danych została pomyślnie zainicjalizowana.
2026-10-08 09:57:13,942 - helpdesk - INFO - baza danych została pomyślnie zainicjalizowana.
2026-10-08 09:57:14,213 - helpdesk - INFO - baza danych została pomyślnie zainicjalizowana.
2026-10-08 10:21:40,004 - helpdesk - INFO - baza danych została pomyślnie zainicjalizowana.
2026-10-08 10:21:40,278 - helpdesk - INFO - baza danych została pomyślnie zainicjalizowana.
2026-10-08 10:22:36,674 - helpdesk - INFO - utworzono nowy ticket nr 4 dla użytkownika ID 2
